<testsuites id="" name="" tests="15" failures="6" skipped="9" errors="0" time="119.74219199999999">
<testsuite name="folder-management.spec.ts" timestamp="2025-10-16T21:11:00.942Z" hostname="chromium" tests="3" failures="3" skipped="0" time="240.64" errors="0">
<testcase name="Folder Management › should display folders tab" classname="folder-management.spec.ts" time="69.657">
<failure message="folder-management.spec.ts:12:3 should display folders tab" type="FAILURE">
<![CDATA[  [chromium] › folder-management.spec.ts:12:3 › Folder Management › should display folders tab ─────

    Test timeout of 30000ms exceeded while running "beforeEach" hook.

      2 |
      3 | test.describe('Folder Management', () => {
    > 4 |   test.beforeEach(async ({ page }) => {
        |        ^
      5 |     // Navigate to the app (auth bypass should be enabled)
      6 |     await page.goto('/', { waitUntil: 'domcontentloaded', timeout: 60000 });
      7 |     
        at C:\Users\jj121\Desktop\slavimlovable\tests\folder-management.spec.ts:4:8

    attachment #1: video (video/webm) ──────────────────────────────────────────────────────────────
    ..\test-results\folder-management-Folder-M-89b96--should-display-folders-tab-chromium\video.webm
    ────────────────────────────────────────────────────────────────────────────────────────────────

    Error Context: ..\test-results\folder-management-Folder-M-89b96--should-display-folders-tab-chromium\error-context.md

    attachment #3: trace (application/zip) ─────────────────────────────────────────────────────────
    ..\test-results\folder-management-Folder-M-89b96--should-display-folders-tab-chromium\trace.zip
    Usage:

        npx playwright show-trace ..\test-results\folder-management-Folder-M-89b96--should-display-folders-tab-chromium\trace.zip

    ────────────────────────────────────────────────────────────────────────────────────────────────

    Retry #1 ───────────────────────────────────────────────────────────────────────────────────────

    Error: expect(locator).toBeVisible() failed

    Locator: getByRole('tab', { name: 'תיקיות' })
    Expected: visible
    Timeout: 10000ms
    Error: element(s) not found

    Call log:
      - Expect "toBeVisible" with timeout 10000ms
      - waiting for getByRole('tab', { name: 'תיקיות' })


      15 |     // Look for the folders tab directly
      16 |     const foldersTab = page.getByRole('tab', { name: 'תיקיות' });
    > 17 |     await expect(foldersTab).toBeVisible({ timeout: 10000 });
         |                              ^
      18 |     console.log('Folders tab is visible');
      19 |     
      20 |     // Click on folders tab
        at C:\Users\jj121\Desktop\slavimlovable\tests\folder-management.spec.ts:17:30

    attachment #1: screenshot (image/png) ──────────────────────────────────────────────────────────
    ..\test-results\folder-management-Folder-M-89b96--should-display-folders-tab-chromium-retry1\test-failed-1.png
    ────────────────────────────────────────────────────────────────────────────────────────────────

    attachment #2: video (video/webm) ──────────────────────────────────────────────────────────────
    ..\test-results\folder-management-Folder-M-89b96--should-display-folders-tab-chromium-retry1\video.webm
    ────────────────────────────────────────────────────────────────────────────────────────────────

    Error Context: ..\test-results\folder-management-Folder-M-89b96--should-display-folders-tab-chromium-retry1\error-context.md

    attachment #4: trace (application/zip) ─────────────────────────────────────────────────────────
    ..\test-results\folder-management-Folder-M-89b96--should-display-folders-tab-chromium-retry1\trace.zip
    Usage:

        npx playwright show-trace ..\test-results\folder-management-Folder-M-89b96--should-display-folders-tab-chromium-retry1\trace.zip

    ────────────────────────────────────────────────────────────────────────────────────────────────
]]>
</failure>
<system-out>
<![CDATA[
[[ATTACHMENT|test-results\folder-management-Folder-M-89b96--should-display-folders-tab-chromium\video.webm]]

[[ATTACHMENT|test-results\folder-management-Folder-M-89b96--should-display-folders-tab-chromium\error-context.md]]

[[ATTACHMENT|test-results\folder-management-Folder-M-89b96--should-display-folders-tab-chromium\trace.zip]]
Starting folders tab test...

[[ATTACHMENT|test-results\folder-management-Folder-M-89b96--should-display-folders-tab-chromium-retry1\test-failed-1.png]]

[[ATTACHMENT|test-results\folder-management-Folder-M-89b96--should-display-folders-tab-chromium-retry1\video.webm]]

[[ATTACHMENT|test-results\folder-management-Folder-M-89b96--should-display-folders-tab-chromium-retry1\error-context.md]]

[[ATTACHMENT|test-results\folder-management-Folder-M-89b96--should-display-folders-tab-chromium-retry1\trace.zip]]
]]>
</system-out>
</testcase>
<testcase name="Folder Management › should be able to create a new folder" classname="folder-management.spec.ts" time="68.936">
<failure message="folder-management.spec.ts:35:3 should be able to create a new folder" type="FAILURE">
<![CDATA[  [chromium] › folder-management.spec.ts:35:3 › Folder Management › should be able to create a new folder 

    Test timeout of 30000ms exceeded while running "beforeEach" hook.

      2 |
      3 | test.describe('Folder Management', () => {
    > 4 |   test.beforeEach(async ({ page }) => {
        |        ^
      5 |     // Navigate to the app (auth bypass should be enabled)
      6 |     await page.goto('/', { waitUntil: 'domcontentloaded', timeout: 60000 });
      7 |     
        at C:\Users\jj121\Desktop\slavimlovable\tests\folder-management.spec.ts:4:8

    attachment #1: screenshot (image/png) ──────────────────────────────────────────────────────────
    ..\test-results\folder-management-Folder-M-9b9fb-able-to-create-a-new-folder-chromium\test-failed-1.png
    ────────────────────────────────────────────────────────────────────────────────────────────────

    attachment #2: video (video/webm) ──────────────────────────────────────────────────────────────
    ..\test-results\folder-management-Folder-M-9b9fb-able-to-create-a-new-folder-chromium\video.webm
    ────────────────────────────────────────────────────────────────────────────────────────────────

    Error Context: ..\test-results\folder-management-Folder-M-9b9fb-able-to-create-a-new-folder-chromium\error-context.md

    attachment #4: trace (application/zip) ─────────────────────────────────────────────────────────
    ..\test-results\folder-management-Folder-M-9b9fb-able-to-create-a-new-folder-chromium\trace.zip
    Usage:

        npx playwright show-trace ..\test-results\folder-management-Folder-M-9b9fb-able-to-create-a-new-folder-chromium\trace.zip

    ────────────────────────────────────────────────────────────────────────────────────────────────

    Retry #1 ───────────────────────────────────────────────────────────────────────────────────────

    Test was interrupted.

    Error: locator.click: Target page, context or browser has been closed
    Call log:
      - waiting for getByRole('tab', { name: 'תיקיות' })


      38 |     // Navigate to folders tab
      39 |     const foldersTab = page.getByRole('tab', { name: 'תיקיות' });
    > 40 |     await foldersTab.click();
         |                      ^
      41 |     await page.waitForTimeout(500);
      42 |     
      43 |     // Click on "תיקייה חדשה" button
        at C:\Users\jj121\Desktop\slavimlovable\tests\folder-management.spec.ts:40:22

    attachment #1: trace (application/zip) ─────────────────────────────────────────────────────────
    ..\test-results\folder-management-Folder-M-9b9fb-able-to-create-a-new-folder-chromium-retry1\trace.zip
    Usage:

        npx playwright show-trace ..\test-results\folder-management-Folder-M-9b9fb-able-to-create-a-new-folder-chromium-retry1\trace.zip

    ────────────────────────────────────────────────────────────────────────────────────────────────
]]>
</failure>
<system-out>
<![CDATA[
[[ATTACHMENT|test-results\folder-management-Folder-M-9b9fb-able-to-create-a-new-folder-chromium\test-failed-1.png]]

[[ATTACHMENT|test-results\folder-management-Folder-M-9b9fb-able-to-create-a-new-folder-chromium\video.webm]]

[[ATTACHMENT|test-results\folder-management-Folder-M-9b9fb-able-to-create-a-new-folder-chromium\error-context.md]]

[[ATTACHMENT|test-results\folder-management-Folder-M-9b9fb-able-to-create-a-new-folder-chromium\trace.zip]]
Starting create folder test...

[[ATTACHMENT|test-results\folder-management-Folder-M-9b9fb-able-to-create-a-new-folder-chromium-retry1\trace.zip]]
]]>
</system-out>
</testcase>
<testcase name="Folder Management › should display console logs for debugging" classname="folder-management.spec.ts" time="102.047">
<failure message="folder-management.spec.ts:70:3 should display console logs for debugging" type="FAILURE">
<![CDATA[  [chromium] › folder-management.spec.ts:70:3 › Folder Management › should display console logs for debugging 

    Test timeout of 30000ms exceeded while running "beforeEach" hook.

      2 |
      3 | test.describe('Folder Management', () => {
    > 4 |   test.beforeEach(async ({ page }) => {
        |        ^
      5 |     // Navigate to the app (auth bypass should be enabled)
      6 |     await page.goto('/', { waitUntil: 'domcontentloaded', timeout: 60000 });
      7 |     
        at C:\Users\jj121\Desktop\slavimlovable\tests\folder-management.spec.ts:4:8

    attachment #1: screenshot (image/png) ──────────────────────────────────────────────────────────
    ..\test-results\folder-management-Folder-M-f2f6c--console-logs-for-debugging-chromium\test-failed-1.png
    ────────────────────────────────────────────────────────────────────────────────────────────────

    attachment #2: video (video/webm) ──────────────────────────────────────────────────────────────
    ..\test-results\folder-management-Folder-M-f2f6c--console-logs-for-debugging-chromium\video.webm
    ────────────────────────────────────────────────────────────────────────────────────────────────

    Error Context: ..\test-results\folder-management-Folder-M-f2f6c--console-logs-for-debugging-chromium\error-context.md

    attachment #4: trace (application/zip) ─────────────────────────────────────────────────────────
    ..\test-results\folder-management-Folder-M-f2f6c--console-logs-for-debugging-chromium\trace.zip
    Usage:

        npx playwright show-trace ..\test-results\folder-management-Folder-M-f2f6c--console-logs-for-debugging-chromium\trace.zip

    ────────────────────────────────────────────────────────────────────────────────────────────────

    Retry #1 ───────────────────────────────────────────────────────────────────────────────────────

    Test was interrupted.

    Error: locator.click: Target page, context or browser has been closed
    Call log:
      - waiting for getByRole('tab', { name: 'תיקיות' })


      80 |     // Navigate to folders tab
      81 |     const foldersTab = page.getByRole('tab', { name: 'תיקיות' });
    > 82 |     await foldersTab.click();
         |                      ^
      83 |     
      84 |     // Wait to capture logs
      85 |     await page.waitForTimeout(2000);
        at C:\Users\jj121\Desktop\slavimlovable\tests\folder-management.spec.ts:82:22

    Error: browserContext.close: Test ended.
    Browser logs:

    <launching> C:\Users\jj121\AppData\Local\ms-playwright\chromium_headless_shell-1194\chrome-win\headless_shell.exe --disable-field-trial-config --disable-background-networking --disable-background-timer-throttling --disable-backgrounding-occluded-windows --disable-back-forward-cache --disable-breakpad --disable-client-side-phishing-detection --disable-component-extensions-with-background-pages --disable-component-update --no-default-browser-check --disable-default-apps --disable-dev-shm-usage --disable-extensions --disable-features=AcceptCHFrame,AvoidUnnecessaryBeforeUnloadCheckSync,DestroyProfileOnBrowserClose,DialMediaRouteProvider,GlobalMediaControls,HttpsUpgrades,LensOverlay,MediaRouter,PaintHolding,ThirdPartyStoragePartitioning,Translate,AutoDeElevate,RenderDocument --enable-features=CDPScreenshotNewSurface --allow-pre-commit-input --disable-hang-monitor --disable-ipc-flooding-protection --disable-popup-blocking --disable-prompt-on-repost --disable-renderer-backgrounding --force-color-profile=srgb --metrics-recording-only --no-first-run --password-store=basic --use-mock-keychain --no-service-autorun --export-tagged-pdf --disable-search-engine-choice-screen --unsafely-disable-devtools-self-xss-warnings --edge-skip-compat-layer-relaunch --enable-automation --headless --hide-scrollbars --mute-audio --blink-settings=primaryHoverType=2,availableHoverTypes=2,primaryPointerType=4,availablePointerTypes=4 --no-sandbox --user-data-dir=C:\Users\jj121\AppData\Local\Temp\playwright_chromiumdev_profile-KNTmg9 --remote-debugging-pipe --no-startup-window
    <launched> pid=20232
    [pid=20232][err] [1017/001157.694:INFO:CONSOLE:733] "[vite] connecting...", source: http://localhost:6500/@vite/client (733)
    [pid=20232][err] [1017/001201.231:INFO:CONSOLE:827] "[vite] connected.", source: http://localhost:6500/@vite/client (827)
    [pid=20232][err] [1017/001210.234:INFO:CONSOLE:21609] "%cDownload the React DevTools for a better development experience: https://reactjs.org/link/react-devtools font-weight:bold", source: http://localhost:6500/node_modules/.vite/deps/chunk-5MJJNU6A.js?v=7944fe08 (21609)
    [pid=20232][err] [1017/001210.974:INFO:CONSOLE:47] "⚠️ AUTH BYPASS ENABLED - FOR TESTING ONLY!", source: http://localhost:6500/src/pages/Dashboard.tsx (47)
    [pid=20232][err] [1017/001210.983:INFO:CONSOLE:4393] "⚠️ React Router Future Flag Warning: React Router will begin wrapping state updates in `React.startTransition` in v7. You can use the `v7_startTransition` future flag to opt-in early. For more information, see https://reactrouter.com/v6/upgrading/future#v7_starttransition.", source: http://localhost:6500/node_modules/.vite/deps/react-router-dom.js?v=7944fe08 (4393)
    [pid=20232][err] [1017/001211.044:INFO:CONSOLE:4393] "⚠️ React Router Future Flag Warning: Relative route resolution within Splat routes is changing in v7. You can use the `v7_relativeSplatPath` future flag to opt-in early. For more information, see https://reactrouter.com/v6/upgrading/future#v7_relativesplatpath.", source: http://localhost:6500/node_modules/.vite/deps/react-router-dom.js?v=7944fe08 (4393)
    [pid=20232][err] [1017/001211.052:INFO:CONSOLE:47] "⚠️ AUTH BYPASS ENABLED - FOR TESTING ONLY!", source: http://localhost:6500/src/pages/Dashboard.tsx (47)
    [pid=20232][err] [1017/001212.478:INFO:CONSOLE:47] "⚠️ AUTH BYPASS ENABLED - FOR TESTING ONLY!", source: http://localhost:6500/src/pages/Dashboard.tsx (47)
    [pid=20232] <gracefully close start>

    attachment #1: trace (application/zip) ─────────────────────────────────────────────────────────
    ..\test-results\folder-management-Folder-M-f2f6c--console-logs-for-debugging-chromium-retry1\trace.zip
    Usage:

        npx playwright show-trace ..\test-results\folder-management-Folder-M-f2f6c--console-logs-for-debugging-chromium-retry1\trace.zip

    ────────────────────────────────────────────────────────────────────────────────────────────────
]]>
</failure>
<system-out>
<![CDATA[
[[ATTACHMENT|test-results\folder-management-Folder-M-f2f6c--console-logs-for-debugging-chromium\test-failed-1.png]]

[[ATTACHMENT|test-results\folder-management-Folder-M-f2f6c--console-logs-for-debugging-chromium\video.webm]]

[[ATTACHMENT|test-results\folder-management-Folder-M-f2f6c--console-logs-for-debugging-chromium\error-context.md]]

[[ATTACHMENT|test-results\folder-management-Folder-M-f2f6c--console-logs-for-debugging-chromium\trace.zip]]
Starting console log test...
BROWSER LOG: ⚠️ AUTH BYPASS ENABLED - FOR TESTING ONLY!

[[ATTACHMENT|test-results\folder-management-Folder-M-f2f6c--console-logs-for-debugging-chromium-retry1\trace.zip]]
]]>
</system-out>
</testcase>
</testsuite>
<testsuite name="folder-management.spec.ts" timestamp="2025-10-16T21:11:00.942Z" hostname="firefox" tests="3" failures="3" skipped="0" time="184.908" errors="0">
<testcase name="Folder Management › should display folders tab" classname="folder-management.spec.ts" time="62.674">
<failure message="folder-management.spec.ts:12:3 should display folders tab" type="FAILURE">
<![CDATA[  [firefox] › folder-management.spec.ts:12:3 › Folder Management › should display folders tab ──────

    Test timeout of 30000ms exceeded.

    Error: expect(locator).toBeVisible() failed

    Locator: getByRole('tab', { name: 'תיקיות' })
    Expected: visible
    Error: element(s) not found

    Call log:
      - Expect "toBeVisible" with timeout 10000ms
      - waiting for getByRole('tab', { name: 'תיקיות' })


      15 |     // Look for the folders tab directly
      16 |     const foldersTab = page.getByRole('tab', { name: 'תיקיות' });
    > 17 |     await expect(foldersTab).toBeVisible({ timeout: 10000 });
         |                              ^
      18 |     console.log('Folders tab is visible');
      19 |     
      20 |     // Click on folders tab
        at C:\Users\jj121\Desktop\slavimlovable\tests\folder-management.spec.ts:17:30

    attachment #1: screenshot (image/png) ──────────────────────────────────────────────────────────
    ..\test-results\folder-management-Folder-M-89b96--should-display-folders-tab-firefox\test-failed-1.png
    ────────────────────────────────────────────────────────────────────────────────────────────────

    attachment #2: video (video/webm) ──────────────────────────────────────────────────────────────
    ..\test-results\folder-management-Folder-M-89b96--should-display-folders-tab-firefox\video.webm
    ────────────────────────────────────────────────────────────────────────────────────────────────

    Error Context: ..\test-results\folder-management-Folder-M-89b96--should-display-folders-tab-firefox\error-context.md

    attachment #4: trace (application/zip) ─────────────────────────────────────────────────────────
    ..\test-results\folder-management-Folder-M-89b96--should-display-folders-tab-firefox\trace.zip
    Usage:

        npx playwright show-trace ..\test-results\folder-management-Folder-M-89b96--should-display-folders-tab-firefox\trace.zip

    ────────────────────────────────────────────────────────────────────────────────────────────────

    Retry #1 ───────────────────────────────────────────────────────────────────────────────────────

    Test was interrupted.

    Error: expect(locator).toBeVisible() failed

    Locator: getByRole('tab', { name: 'תיקיות' })
    Expected: visible
    Error: element(s) not found

    Call log:
      - Expect "toBeVisible" with timeout 10000ms
      - waiting for getByRole('tab', { name: 'תיקיות' })


      15 |     // Look for the folders tab directly
      16 |     const foldersTab = page.getByRole('tab', { name: 'תיקיות' });
    > 17 |     await expect(foldersTab).toBeVisible({ timeout: 10000 });
         |                              ^
      18 |     console.log('Folders tab is visible');
      19 |     
      20 |     // Click on folders tab
        at C:\Users\jj121\Desktop\slavimlovable\tests\folder-management.spec.ts:17:30

    attachment #1: screenshot (image/png) ──────────────────────────────────────────────────────────
    ..\test-results\folder-management-Folder-M-89b96--should-display-folders-tab-firefox-retry1\test-failed-1.png
    ────────────────────────────────────────────────────────────────────────────────────────────────

    attachment #2: video (video/webm) ──────────────────────────────────────────────────────────────
    ..\test-results\folder-management-Folder-M-89b96--should-display-folders-tab-firefox-retry1\video.webm
    ────────────────────────────────────────────────────────────────────────────────────────────────

    attachment #3: trace (application/zip) ─────────────────────────────────────────────────────────
    ..\test-results\folder-management-Folder-M-89b96--should-display-folders-tab-firefox-retry1\trace.zip
    Usage:

        npx playwright show-trace ..\test-results\folder-management-Folder-M-89b96--should-display-folders-tab-firefox-retry1\trace.zip

    ────────────────────────────────────────────────────────────────────────────────────────────────
]]>
</failure>
<system-out>
<![CDATA[Starting folders tab test...

[[ATTACHMENT|test-results\folder-management-Folder-M-89b96--should-display-folders-tab-firefox\test-failed-1.png]]

[[ATTACHMENT|test-results\folder-management-Folder-M-89b96--should-display-folders-tab-firefox\video.webm]]

[[ATTACHMENT|test-results\folder-management-Folder-M-89b96--should-display-folders-tab-firefox\error-context.md]]

[[ATTACHMENT|test-results\folder-management-Folder-M-89b96--should-display-folders-tab-firefox\trace.zip]]
Starting folders tab test...

[[ATTACHMENT|test-results\folder-management-Folder-M-89b96--should-display-folders-tab-firefox-retry1\test-failed-1.png]]

[[ATTACHMENT|test-results\folder-management-Folder-M-89b96--should-display-folders-tab-firefox-retry1\video.webm]]

[[ATTACHMENT|test-results\folder-management-Folder-M-89b96--should-display-folders-tab-firefox-retry1\trace.zip]]
]]>
</system-out>
</testcase>
<testcase name="Folder Management › should be able to create a new folder" classname="folder-management.spec.ts" time="61.445">
<failure message="folder-management.spec.ts:35:3 should be able to create a new folder" type="FAILURE">
<![CDATA[  [firefox] › folder-management.spec.ts:35:3 › Folder Management › should be able to create a new folder 

    Test timeout of 30000ms exceeded while running "beforeEach" hook.

      2 |
      3 | test.describe('Folder Management', () => {
    > 4 |   test.beforeEach(async ({ page }) => {
        |        ^
      5 |     // Navigate to the app (auth bypass should be enabled)
      6 |     await page.goto('/', { waitUntil: 'domcontentloaded', timeout: 60000 });
      7 |     
        at C:\Users\jj121\Desktop\slavimlovable\tests\folder-management.spec.ts:4:8

    Error: page.goto: Test timeout of 30000ms exceeded.
    Call log:
      - navigating to "http://localhost:6500/", waiting until "load"


      4 |   test.beforeEach(async ({ page }) => {
      5 |     // Navigate to the app (auth bypass should be enabled)
    > 6 |     await page.goto('/', { waitUntil: 'domcontentloaded', timeout: 60000 });
        |                ^
      7 |     
      8 |     // Wait for React to render
      9 |     await page.waitForTimeout(2000);
        at C:\Users\jj121\Desktop\slavimlovable\tests\folder-management.spec.ts:6:16

    attachment #1: video (video/webm) ──────────────────────────────────────────────────────────────
    ..\test-results\folder-management-Folder-M-9b9fb-able-to-create-a-new-folder-firefox\video.webm
    ────────────────────────────────────────────────────────────────────────────────────────────────

    attachment #2: trace (application/zip) ─────────────────────────────────────────────────────────
    ..\test-results\folder-management-Folder-M-9b9fb-able-to-create-a-new-folder-firefox\trace.zip
    Usage:

        npx playwright show-trace ..\test-results\folder-management-Folder-M-9b9fb-able-to-create-a-new-folder-firefox\trace.zip

    ────────────────────────────────────────────────────────────────────────────────────────────────

    Retry #1 ───────────────────────────────────────────────────────────────────────────────────────

    Test was interrupted.

    Error: locator.click: Test ended.
    Call log:
      - waiting for getByRole('tab', { name: 'תיקיות' })


      38 |     // Navigate to folders tab
      39 |     const foldersTab = page.getByRole('tab', { name: 'תיקיות' });
    > 40 |     await foldersTab.click();
         |                      ^
      41 |     await page.waitForTimeout(500);
      42 |     
      43 |     // Click on "תיקייה חדשה" button
        at C:\Users\jj121\Desktop\slavimlovable\tests\folder-management.spec.ts:40:22

    attachment #1: screenshot (image/png) ──────────────────────────────────────────────────────────
    ..\test-results\folder-management-Folder-M-9b9fb-able-to-create-a-new-folder-firefox-retry1\test-failed-1.png
    ────────────────────────────────────────────────────────────────────────────────────────────────

    attachment #2: video (video/webm) ──────────────────────────────────────────────────────────────
    ..\test-results\folder-management-Folder-M-9b9fb-able-to-create-a-new-folder-firefox-retry1\video.webm
    ────────────────────────────────────────────────────────────────────────────────────────────────

    attachment #3: trace (application/zip) ─────────────────────────────────────────────────────────
    ..\test-results\folder-management-Folder-M-9b9fb-able-to-create-a-new-folder-firefox-retry1\trace.zip
    Usage:

        npx playwright show-trace ..\test-results\folder-management-Folder-M-9b9fb-able-to-create-a-new-folder-firefox-retry1\trace.zip

    ────────────────────────────────────────────────────────────────────────────────────────────────
]]>
</failure>
<system-out>
<![CDATA[
[[ATTACHMENT|test-results\folder-management-Folder-M-9b9fb-able-to-create-a-new-folder-firefox\video.webm]]

[[ATTACHMENT|test-results\folder-management-Folder-M-9b9fb-able-to-create-a-new-folder-firefox\trace.zip]]
Starting create folder test...

[[ATTACHMENT|test-results\folder-management-Folder-M-9b9fb-able-to-create-a-new-folder-firefox-retry1\test-failed-1.png]]

[[ATTACHMENT|test-results\folder-management-Folder-M-9b9fb-able-to-create-a-new-folder-firefox-retry1\video.webm]]

[[ATTACHMENT|test-results\folder-management-Folder-M-9b9fb-able-to-create-a-new-folder-firefox-retry1\trace.zip]]
]]>
</system-out>
</testcase>
<testcase name="Folder Management › should display console logs for debugging" classname="folder-management.spec.ts" time="60.789">
<failure message="folder-management.spec.ts:70:3 should display console logs for debugging" type="FAILURE">
<![CDATA[  [firefox] › folder-management.spec.ts:70:3 › Folder Management › should display console logs for debugging 

    Test timeout of 30000ms exceeded.

    Error: locator.click: Test timeout of 30000ms exceeded.
    Call log:
      - waiting for getByRole('tab', { name: 'תיקיות' })


      80 |     // Navigate to folders tab
      81 |     const foldersTab = page.getByRole('tab', { name: 'תיקיות' });
    > 82 |     await foldersTab.click();
         |                      ^
      83 |     
      84 |     // Wait to capture logs
      85 |     await page.waitForTimeout(2000);
        at C:\Users\jj121\Desktop\slavimlovable\tests\folder-management.spec.ts:82:22

    attachment #1: screenshot (image/png) ──────────────────────────────────────────────────────────
    ..\test-results\folder-management-Folder-M-f2f6c--console-logs-for-debugging-firefox\test-failed-1.png
    ────────────────────────────────────────────────────────────────────────────────────────────────

    attachment #2: video (video/webm) ──────────────────────────────────────────────────────────────
    ..\test-results\folder-management-Folder-M-f2f6c--console-logs-for-debugging-firefox\video.webm
    ────────────────────────────────────────────────────────────────────────────────────────────────

    Error Context: ..\test-results\folder-management-Folder-M-f2f6c--console-logs-for-debugging-firefox\error-context.md

    attachment #4: trace (application/zip) ─────────────────────────────────────────────────────────
    ..\test-results\folder-management-Folder-M-f2f6c--console-logs-for-debugging-firefox\trace.zip
    Usage:

        npx playwright show-trace ..\test-results\folder-management-Folder-M-f2f6c--console-logs-for-debugging-firefox\trace.zip

    ────────────────────────────────────────────────────────────────────────────────────────────────

    Retry #1 ───────────────────────────────────────────────────────────────────────────────────────

    Test was interrupted.

    Error: locator.click: Test ended.
    Call log:
      - waiting for getByRole('tab', { name: 'תיקיות' })


      80 |     // Navigate to folders tab
      81 |     const foldersTab = page.getByRole('tab', { name: 'תיקיות' });
    > 82 |     await foldersTab.click();
         |                      ^
      83 |     
      84 |     // Wait to capture logs
      85 |     await page.waitForTimeout(2000);
        at C:\Users\jj121\Desktop\slavimlovable\tests\folder-management.spec.ts:82:22

    attachment #1: screenshot (image/png) ──────────────────────────────────────────────────────────
    ..\test-results\folder-management-Folder-M-f2f6c--console-logs-for-debugging-firefox-retry1\test-failed-1.png
    ────────────────────────────────────────────────────────────────────────────────────────────────

    attachment #2: video (video/webm) ──────────────────────────────────────────────────────────────
    ..\test-results\folder-management-Folder-M-f2f6c--console-logs-for-debugging-firefox-retry1\video.webm
    ────────────────────────────────────────────────────────────────────────────────────────────────

    attachment #3: trace (application/zip) ─────────────────────────────────────────────────────────
    ..\test-results\folder-management-Folder-M-f2f6c--console-logs-for-debugging-firefox-retry1\trace.zip
    Usage:

        npx playwright show-trace ..\test-results\folder-management-Folder-M-f2f6c--console-logs-for-debugging-firefox-retry1\trace.zip

    ────────────────────────────────────────────────────────────────────────────────────────────────
]]>
</failure>
<system-out>
<![CDATA[Starting console log test...

[[ATTACHMENT|test-results\folder-management-Folder-M-f2f6c--console-logs-for-debugging-firefox\test-failed-1.png]]

[[ATTACHMENT|test-results\folder-management-Folder-M-f2f6c--console-logs-for-debugging-firefox\video.webm]]

[[ATTACHMENT|test-results\folder-management-Folder-M-f2f6c--console-logs-for-debugging-firefox\error-context.md]]

[[ATTACHMENT|test-results\folder-management-Folder-M-f2f6c--console-logs-for-debugging-firefox\trace.zip]]
Starting console log test...

[[ATTACHMENT|test-results\folder-management-Folder-M-f2f6c--console-logs-for-debugging-firefox-retry1\test-failed-1.png]]

[[ATTACHMENT|test-results\folder-management-Folder-M-f2f6c--console-logs-for-debugging-firefox-retry1\video.webm]]

[[ATTACHMENT|test-results\folder-management-Folder-M-f2f6c--console-logs-for-debugging-firefox-retry1\trace.zip]]
]]>
</system-out>
</testcase>
</testsuite>
<testsuite name="folder-management.spec.ts" timestamp="2025-10-16T21:11:00.942Z" hostname="webkit" tests="3" failures="0" skipped="3" time="0" errors="0">
<testcase name="Folder Management › should display folders tab" classname="folder-management.spec.ts" time="0">
<skipped>
</skipped>
</testcase>
<testcase name="Folder Management › should be able to create a new folder" classname="folder-management.spec.ts" time="0">
<skipped>
</skipped>
</testcase>
<testcase name="Folder Management › should display console logs for debugging" classname="folder-management.spec.ts" time="0">
<skipped>
</skipped>
</testcase>
</testsuite>
<testsuite name="folder-management.spec.ts" timestamp="2025-10-16T21:11:00.942Z" hostname="Mobile Chrome" tests="3" failures="0" skipped="3" time="0" errors="0">
<testcase name="Folder Management › should display folders tab" classname="folder-management.spec.ts" time="0">
<skipped>
</skipped>
</testcase>
<testcase name="Folder Management › should be able to create a new folder" classname="folder-management.spec.ts" time="0">
<skipped>
</skipped>
</testcase>
<testcase name="Folder Management › should display console logs for debugging" classname="folder-management.spec.ts" time="0">
<skipped>
</skipped>
</testcase>
</testsuite>
<testsuite name="folder-management.spec.ts" timestamp="2025-10-16T21:11:00.942Z" hostname="Mobile Safari" tests="3" failures="0" skipped="3" time="0" errors="0">
<testcase name="Folder Management › should display folders tab" classname="folder-management.spec.ts" time="0">
<skipped>
</skipped>
</testcase>
<testcase name="Folder Management › should be able to create a new folder" classname="folder-management.spec.ts" time="0">
<skipped>
</skipped>
</testcase>
<testcase name="Folder Management › should display console logs for debugging" classname="folder-management.spec.ts" time="0">
<skipped>
</skipped>
</testcase>
</testsuite>
</testsuites>